// Vitest Snapshot v1, https://vitest.dev/guide/snapshot.html

exports[`should generate manifest icons entry 1`] = `
{
  "icons": [
    {
      "sizes": "64x64",
      "src": "pwa-64x64.png",
      "type": "image/png",
    },
    {
      "sizes": "192x192",
      "src": "pwa-192x192.png",
      "type": "image/png",
    },
    {
      "sizes": "512x512",
      "src": "pwa-512x512.png",
      "type": "image/png",
    },
    {
      "purpose": "maskable",
      "sizes": "512x512",
      "src": "maskable-icon-512x512.png",
      "type": "image/png",
    },
  ],
}
`;
